
> epargne-entreprise-tracker@1.0.0 build
> vite build

(!) Your Vite config uses features that are unsupported by `configLoader: 'native'`, which is planned to become the default in a future major version of Vite:
  - ESM syntax in a file loaded as CommonJS (vite.config.js:1:1). Use a `.mjs` extension or set `"type": "module"` in the closest package.json
Set `VITE_CONFIG_NATIVE_IGNORE_WARNING=true` to suppress this warning.
10:37:24 AM [vite] warning: `esbuild` option was specified by "vite:react-babel" plugin. This option is deprecated, please use `oxc` instead.
10:37:24 AM [vite] warning: `optimizeDeps.esbuildOptions` option was specified by "vite:react-babel" plugin. This option is deprecated, please use `optimizeDeps.rolldownOptions` instead.
You or a plugin you are using have set `optimizeDeps.esbuildOptions` but this option is now deprecated. Vite now uses Rolldown to optimize the dependencies. Please use `optimizeDeps.rolldownOptions` instead.
vite v8.2.0 building client environment for production...
[2Ktransforming...(node:40570) [MODULE_TYPELESS_PACKAGE_JSON] Warning: Module type of file:///mnt/c/Projets/epargne-entreprise-tracker/postcss.config.js?t=1786005444676 is not specified and it doesn't parse as CommonJS.
Reparsing as ES module because module syntax was detected. This incurs a performance overhead.
To eliminate this warning, add "type": "module" to /mnt/c/Projets/epargne-entreprise-tracker/package.json.
(Use `node --trace-warnings ...` to show where the warning was created)
✓ 4 modules transformed.
✗ Build failed in 24.75s
error during build:
Build failed with 1 error:

[31m[UNRESOLVED_IMPORT] [0mCould not resolve './index.css' in src/main.jsx
   [38;5;246m╭[0m[38;5;246m─[0m[38;5;246m[[0m src/main.jsx:4:8 [38;5;246m][0m
   [38;5;246m│[0m
 [38;5;246m4 │[0m [38;5;249mi[0m[38;5;249mm[0m[38;5;249mp[0m[38;5;249mo[0m[38;5;249mr[0m[38;5;249mt[0m[38;5;249m [0m"./index.css"[38;5;249m;[0m
 [38;5;240m  │[0m        ──────┬──────  
 [38;5;240m  │[0m              ╰──────── Module not found.
 [38;5;240m  │[0m 
 [38;5;240m  │[0m [38;5;115mHelp[0m: 'src/main.jsx' is imported by the following path:
 [38;5;240m  │[0m         - src/main.jsx
 [38;5;240m  │[0m         - index.html
[38;5;246m───╯[0m

    at aggregateBindingErrorsIntoJsError (file:///home/tibmarie/.hermes/hermes-agent/node_modules/rolldown/dist/shared/error-BgfXq0Tb.mjs:48:18)
    at unwrapBindingResult (file:///home/tibmarie/.hermes/hermes-agent/node_modules/rolldown/dist/shared/error-BgfXq0Tb.mjs:18:128)
    at #build (file:///home/tibmarie/.hermes/hermes-agent/node_modules/rolldown/dist/shared/rolldown-DP_p9pd3.mjs:132:34)
    at async buildEnvironment (file:///home/tibmarie/.hermes/hermes-agent/node_modules/vite/dist/node/chunks/node.js:33669:66)
    at async Object.build (file:///home/tibmarie/.hermes/hermes-agent/node_modules/vite/dist/node/chunks/node.js:34091:19)
    at async Object.buildApp (file:///home/tibmarie/.hermes/hermes-agent/node_modules/vite/dist/node/chunks/node.js:34088:153)
    at async CAC.<anonymous> (file:///home/tibmarie/.hermes/hermes-agent/node_modules/vite/dist/node/cli.js:776:3) {
  errors: [Getter/Setter]
}
