npm warn tar TAR_ENTRY_ERROR ENOENT: no such file or directory, open '/mnt/c/Projets/epargne-entreprise-tracker/node_modules/jsx-ast-utils/node_modules/es-abstract/2022/DefineMethodProperty.js'
npm warn tar TAR_ENTRY_ERROR ENOENT: no such file or directory, lstat '/mnt/c/Projets/epargne-entreprise-tracker/node_modules/jsx-ast-utils/node_modules/es-abstract/2023'
npm warn tar TAR_ENTRY_ERROR ENOENT: no such file or directory, lstat '/mnt/c/Projets/epargne-entreprise-tracker/node_modules/jsx-ast-utils/node_modules/es-abstract/2024'
npm warn tar TAR_ENTRY_ERROR ENOENT: no such file or directory, lstat '/mnt/c/Projets/epargne-entreprise-tracker/node_modules/jsx-ast-utils/node_modules/es-abstract/2025'
npm warn tar TAR_ENTRY_ERROR ENOENT: no such file or directory, lstat '/mnt/c/Projets/epargne-entreprise-tracker/node_modules/jsx-ast-utils/node_modules/es-abstract/helpers'
npm warn tar TAR_ENTRY_ERROR ENOENT: no such file or directory, lstat '/mnt/c/Projets/epargne-entreprise-tracker/node_modules/jsx-ast-utils/node_modules/es-abstract/2015'
npm warn tar TAR_ENTRY_ERROR ENOENT: no such file or directory, lstat '/mnt/c/Projets/epargne-entreprise-tracker/node_modules/jsx-ast-utils/node_modules/es-abstract/2016'
npm warn tar TAR_ENTRY_ERROR ENOENT: no such file or directory, lstat '/mnt/c/Projets/epargne-entreprise-tracker/node_modules/jsx-ast-utils/node_modules/es-abstract/2017'
npm warn tar TAR_ENTRY_ERROR ENOENT: no such file or directory, lstat '/mnt/c/Projets/epargne-entreprise-tracker/node_modules/jsx-ast-utils/node_modules/es-abstract/2018'
npm warn tar TAR_ENTRY_ERROR ENOENT: no such file or directory, lstat '/mnt/c/Projets/epargne-entreprise-tracker/node_modules/jsx-ast-utils/node_modules/es-abstract/2019'
npm warn tar TAR_ENTRY_ERROR ENOENT: no such file or directory, lstat '/mnt/c/Projets/epargne-entreprise-tracker/node_modules/jsx-ast-utils/node_modules/es-abstract/2020'
npm warn tar TAR_ENTRY_ERROR ENOENT: no such file or directory, lstat '/mnt/c/Projets/epargne-entreprise-tracker/node_modules/jsx-ast-utils/node_modules/es-abstract/2021'
npm warn tar TAR_ENTRY_ERROR ENOENT: no such file or directory, lstat '/mnt/c/Projets/epargne-entreprise-tracker/node_modules/jsx-ast-utils/node_modules/es-abstract/2022'
npm warn tar TAR_ENTRY_ERROR ENOENT: no such file or directory, lstat '/mnt/c/Projets/epargne-entreprise-tracker/node_modules/jsx-ast-utils/node_modules/es-abstract/2023'
npm warn tar TAR_ENTRY_ERROR ENOENT: no such file or directory, lstat '/mnt/c/Projets/epargne-entreprise-tracker/node_modules/jsx-ast-utils/node_modules/es-abstract/2024'
npm warn tar TAR_ENTRY_ERROR ENOENT: no such file or directory, lstat '/mnt/c/Projets/epargne-entreprise-tracker/node_modules/jsx-ast-utils/node_modules/es-abstract/2025'
npm warn tar TAR_ENTRY_ERROR ENOENT: no such file or directory, lstat '/mnt/c/Projets/epargne-entreprise-tracker/node_modules/jsx-ast-utils/node_modules/es-abstract/2015'
npm warn tar TAR_ENTRY_ERROR ENOENT: no such file or directory, lstat '/mnt/c/Projets/epargne-entreprise-tracker/node_modules/jsx-ast-utils/node_modules/es-abstract/2016'
npm warn tar TAR_ENTRY_ERROR ENOENT: no such file or directory, lstat '/mnt/c/Projets/epargne-entreprise-tracker/node_modules/jsx-ast-utils/node_modules/es-abstract/2017'
npm warn tar TAR_ENTRY_ERROR ENOENT: no such file or directory, lstat '/mnt/c/Projets/epargne-entreprise-tracker/node_modules/jsx-ast-utils/node_modules/es-abstract/2018'
npm warn tar TAR_ENTRY_ERROR ENOENT: no such file or directory, lstat '/mnt/c/Projets/epargne-entreprise-tracker/node_modules/jsx-ast-utils/node_modules/es-abstract/2019'
npm warn tar TAR_ENTRY_ERROR ENOENT: no such file or directory, lstat '/mnt/c/Projets/epargne-entreprise-tracker/node_modules/jsx-ast-utils/node_modules/es-abstract/2020'
npm warn tar TAR_ENTRY_ERROR ENOENT: no such file or directory, lstat '/mnt/c/Projets/epargne-entreprise-tracker/node_modules/jsx-ast-utils/node_modules/es-abstract/2021'
npm warn tar TAR_ENTRY_ERROR ENOENT: no such file or directory, lstat '/mnt/c/Projets/epargne-entreprise-tracker/node_modules/jsx-ast-utils/node_modules/es-abstract/2022'
npm warn tar TAR_ENTRY_ERROR ENOENT: no such file or directory, lstat '/mnt/c/Projets/epargne-entreprise-tracker/node_modules/jsx-ast-utils/node_modules/es-abstract/2023'
npm warn deprecated recharts@2.15.4: 1.x and 2.x branches are no longer active. Bump to Recharts v3 to receive latest features and bugfixes. See https://github.com/recharts/recharts/wiki/3.0-migration-guide
npm warn deprecated eslint@8.57.1: This version is no longer supported. Please see https://eslint.org/version-support for other options.

added 325 packages, removed 107 packages, changed 90 packages, and audited 646 packages in 5m

127 packages are looking for funding
  run `npm fund` for details

4 vulnerabilities (1 low, 1 moderate, 1 high, 1 critical)

To address all issues (including breaking changes), run:
  npm audit fix --force

Run `npm audit` for details.
